<html>
<body>
<pre>
<h1>µVision Build Log</h1>
<h2>Tool Versions:</h2>
IDE-Version: µVision V5.17.0.0
Copyright (C) 2015 ARM Ltd and ARM Germany GmbH. All rights reserved.
License Information: 1 2, 3, LIC=----
 
Tool Versions:
Toolchain:       MDK-Lite  Version: 5.17
Toolchain Path:  C:\Keil_v5\ARM\ARMCC\Bin
C Compiler:      Armcc.exe V5.06 update 1 (build 61)
Assembler:       Armasm.exe V5.06 update 1 (build 61)
Linker/Locator:  ArmLink.exe V5.06 update 1 (build 61)
Library Manager: ArmAr.exe V5.06 update 1 (build 61)
Hex Converter:   FromElf.exe V5.06 update 1 (build 61)
CPU DLL:         SARMCM3.DLL V5.17
Dialog DLL:      DARMCM1.DLL V1.12.0.0
Target DLL:      UL2CM3.DLL V1.156.1.0
Dialog DLL:      TARMCM1.DLL V1.9.0.0
 
<h2>Project:</h2>
D:\Work\_Progs_1986BE1\LDM_Helper_K1986BE1QI_AVIA (Keil)\1. GPIO\gpio.uvprojx
Project File Date:  05/18/2018

<h2>Output:</h2>
*** Using Compiler 'V5.06 update 1 (build 61)', folder: 'C:\Keil_v5\ARM\ARMCC\Bin'
Rebuild Project 'gpio' - Target 'gpio'
assembling Startup.s...
compiling itmr.c...
compiling main.c...
compiling misc.c...
compiling button.c...
compiling core_cm1.c...
linking...
Program Size: Code=1256 RO-data=224 RW-data=20 ZI-data=8292  
FromELF: creating hex file...
".\obj\gpio.axf" - 0 Error(s), 0 Warning(s).

<h2>Collection of Component include folders:</h2>
  D:\Work\_Progs_1986BE1\LDM_Helper_K1986BE1QI_AVIA (Keil)\1. GPIO\RTE
  C:\Keil_v5\ARM\PACK\Keil\MDR1986BExx\1.4.2\Libraries\CMSIS\CM1\DeviceSupport\MDR1986VE1T\inc

<h2>Collection of Component Files used:</h2>
Build Time Elapsed:  00:00:00
</pre>
</body>
</html>
